Archive member included to satisfy reference by file (symbol)

./lib\libc.a(lib_a-memcpy-stub.o)
                              lib\rt.o (memcpy)
./lib\libc.a(lib_a-memset.o)  gameplg.o (memset)
./lib\libc.a(lib_a-strcpy.o)  gameplg.o (strcpy)
./lib\libc.a(lib_a-strlen.o)  gameplg.o (strlen)
./lib\libc.a(lib_a-strtoul.o)
                              gameplg.o (strtoul)
./lib\libc.a(lib_a-ctype_.o)  ./lib\libc.a(lib_a-strtoul.o) (__ctype_ptr__)
./lib\libc.a(lib_a-impure.o)  ./lib\libc.a(lib_a-strtoul.o) (_impure_ptr)
./lib\libgcc.a(_udivsi3.o)    ./lib\libc.a(lib_a-strtoul.o) (__aeabi_uidiv)
./lib\libgcc.a(_dvmd_tls.o)   ./lib\libgcc.a(_udivsi3.o) (__aeabi_idiv0)

Allocating common symbols
Common symbol       size              file

g_find              0x190             gameplg.o
g_cheatEnabled      0x40              gameplg.o
gamePluginMenu      0xc7c             gameplg.o
IoBaseLcd           0x4               lib\main.o
g_replace           0x190             gameplg.o
fsUserHandle        0x4               gameplg.o
g_functions         0x100             gameplg.o
threadStack         0x4000            gameplg.o
g_state             0x40              gameplg.o

Memory Configuration

Name             Origin             Length             Attributes
*default*        0x00000000         0xffffffff

Linker script and memory map

                0x00100100                . = 0x100100
                0x00100100                . = ALIGN (0x4)

.text           0x00100100     0x3a30
                0x00100100                __text_start = .
 bootloader.o(.text*)
 .text          0x00100100       0xb0 bootloader.o
                0x00100100                _Reset
                0x0010017c                _ReturnToUser
                0x00100190                plgGetIoBase
                0x00100198                copyRemoteMemory
 *(.text*)
 .text          0x001001b0     0x11d8 gameplg.o
                0x001001b0                grass
                0x001001d4                desert
                0x001001f8                getKey
                0x00100218                moonjump
                0x00100250                teleport
                0x001002d0                duplicate
                0x001002f0                coord
                0x001003e0                waitKeyChange
                0x001003f8                waitKeyUp
                0x0010040c                text2item
                0x00100478                initMenu
                0x001004d8                addMenuEntry
                0x00100538                addCheatMenuEntry
                0x00100588                updateMenu
                0x00100600                scanMenu
                0x00100644                detectLanguage
                0x0010064c                updateCheatEnableDisplay
                0x0010069c                disableCheat
                0x001006b8                onCheatItemChanged
                0x001006f8                scanCheatMenu
                0x00100730                find_and_replace_multiple
                0x0010078c                search
                0x00100864                destroy
                0x0010093c                weeder
                0x00100a14                quench
                0x00100fa0                tree
                0x00101110                add_to_address
                0x00101120                sub_to_address
                0x00101130                initCheatMenu
                0x001012a8                gamePluginEntry
 .text          0x00101388      0x144 lib\AC.o
                0x00101388                ACU_cmd1
                0x001013d8                ACU_cmd26
                0x00101438                ACU_GetWifiStatus
                0x00101470                ACU_WaitInternetConnection
 .text          0x001014cc       0x30 lib\entry.o
                0x001014cc                c_entry
                0x001014f8                IRQHandler
 .text          0x001014fc      0x50c lib\FS.o
                0x001014fc                FSUSER_Initialize
                0x00101530                FSUSER_OpenFile
                0x001015d0                FSUSER_OpenFileDirectly
                0x00101690                FSUSER_OpenArchive
                0x00101714                FSUSER_OpenDirectory
                0x001017a0                FSUSER_CloseArchive
                0x001017f0                FSFILE_Close
                0x00101820                FSFILE_Read
                0x00101888                FSFILE_Write
                0x001018f8                FSFILE_GetSize
                0x0010193c                FSFILE_SetSize
                0x00101974                FSDIR_Read
                0x001019d8                FSDIR_Close
 .text          0x00101a08        0x0 lib\main.o
 .text.startup  0x00101a08       0x3c lib\main.o
                0x00101a08                main
 *fill*         0x00101a44        0xc 
 .text          0x00101a50       0x10 lib\misc.o
                0x00101a50                sleep
 .text          0x00101a60       0x3c lib\OS.o
                0x00101a60                OS_ConvertVaddr2Physaddr
 .text          0x00101a9c       0xd4 lib\pm.o
                0x00101a9c                dumpKernel
                0x00101aa0                getCurrentProcessId
                0x00101ac4                getCurrentProcessHandle
                0x00101b2c                protectRemoteMemory
                0x00101b50                protectMemory
 .text          0x00101b70      0x54c lib\rt.o
                0x00101b70                rtInitLock
                0x00101b7c                rtAcquireLock
                0x00101bb0                rtReleaseLock
                0x00101bbc                rtAlignToPageSize
                0x00101bcc                rtGetPageOfAddress
                0x00101bd8                rtCheckRemoteMemoryRegionSafeForWrite
                0x00101c28                rtSafeCopyMemory
                0x00101c80                rtRecvSocket
                0x00101ce0                rtSendSocket
                0x00101d3c                rtIntToPortNumber
                0x00101d58                rtGetFileSize
                0x00101e44                rtLoadFileToBuffer
                0x00101f8c                rtGenerateJumpCode
                0x00101fa4                rtFlushInstructionCache
                0x00101fbc                rtInitHook
                0x00102034                rtEnableHook
                0x00102078                rtDisableHook
 .text          0x001020bc      0x10c lib\sharedfunc.o
                0x001020bc                initSharedFunc
 .text          0x001021c8      0xef8 lib\SOC.o
                0x00102204                socu_cmd1
                0x00102254                SOC_Shutdown
                0x00102290                SOC_Initialize
                0x001022f8                SOC_GetErrno
                0x00102308                socket
                0x00102370                closesocket
                0x001023d0                shutdown
                0x00102434                listen
                0x00102498                accept
                0x00102594                bind
                0x00102664                connect
                0x00102734                socuipc_cmd7
                0x00102850                socuipc_cmd8
                0x00102990                socuipc_cmd9
                0x00102aa0                socuipc_cmda
                0x00102bb4                recvfrom
                0x00102be0                sendto
                0x00102c0c                recv
                0x00102c28                send
                0x00102c44                getsockopt
                0x00102cf4                setsockopt
                0x00102d7c                fcntl
                0x00102e44                sockatmark
                0x00102ea4                gethostid
                0x00102ee0                getsockname
                0x00102fd0                getpeername
 .text          0x001030c0      0x118 lib\srv.o
                0x001030c0                exitSrv
                0x001030d8                srv_RegisterClient
                0x00103118                initSrv
                0x0010314c                srv_getServiceHandle
 .text          0x001031d8       0x40 lib\stub.o
                0x001031d8                showDbg
                0x001031e0                nsDbgPrint
                0x001031e8                plgRegisterMenuEntry
                0x001031f0                plgGetSharedServiceHandle
                0x001031f8                plgRequestMemory
                0x00103200                plgRegisterCallback
                0x00103208                xsprintf
                0x00103210                controlVideo
 *fill*         0x00103218        0x8 
 .text          0x00103220      0x2a0 lib\svc.o
                0x00103220                getThreadCommandBuffer
                0x0010322c                svc_controlMemory
                0x0010324c                svc_exitProcess
                0x00103254                svc_createThread
                0x00103274                svc_exitThread
                0x0010327c                svc_sleepThread
                0x00103284                svc_createMutex
                0x00103298                svc_releaseMutex
                0x001032a0                svc_releaseSemaphore
                0x001032b4                svc_createEvent
                0x001032c8                svc_signalEvent
                0x001032d0                svc_clearEvent
                0x001032d8                svc_createMemoryBlock
                0x001032f0                svc_mapMemoryBlock
                0x001032f8                svc_unmapMemoryBlock
                0x00103300                svc_arbitrateAddress
                0x00103308                svc_closeHandle
                0x00103310                svc_waitSynchronization1
                0x00103318                svc_waitSynchronizationN
                0x00103338                svc_getSystemTick
                0x00103340                svc_getSystemInfo
                0x0010335c                svc_getProcessInfo
                0x00103378                svc_connectToPort
                0x0010338c                svc_sendSyncRequest
                0x00103394                svc_getProcessId
                0x001033a8                svc_getThreadId
                0x001033bc                svc_setThreadIdealProcessor
                0x001033c4                svc_openThread
                0x001033d8                svc_flushProcessDataCache
                0x001033e0                svc_invalidateProcessDataCache
                0x001033e8                svc_queryMemory
                0x001033f0                svc_addCodeSegment
                0x001033f8                svc_openProcess
                0x0010340c                svc_controlProcessMemory
                0x00103424                svc_mapProcessMemory
                0x0010342c                svc_startInterProcessDma
                0x0010344c                svc_getDmaState
                0x00103460                svc_backDoor
                0x00103468                svc_getProcessList
                0x0010347c                svc_getThreadList
                0x00103490                svc_getThreadContext
                0x00103498                svc_debugActiveProcess
                0x001034ac                svc_readProcessMemory
                0x001034b4                svc_writeProcessMemory
 .text          0x001034c0       0xf0 ./lib\libc.a(lib_a-memcpy-stub.o)
                0x001034c0                memcpy
 .text          0x001035b0       0xf4 ./lib\libc.a(lib_a-memset.o)
                0x001035b0                memset
 .text          0x001036a4       0xf0 ./lib\libc.a(lib_a-strcpy.o)
                0x001036a4                strcpy
 .text          0x00103794       0x60 ./lib\libc.a(lib_a-strlen.o)
                0x00103794                strlen
 .text          0x001037f4      0x20c ./lib\libc.a(lib_a-strtoul.o)
                0x001037f4                _strtoul_r
                0x001039d8                strtoul
 .text          0x00103a00       0x18 ./lib\libc.a(lib_a-ctype_.o)
                0x00103a00                __set_ctype
 .text          0x00103a18        0x0 ./lib\libc.a(lib_a-impure.o)
 .text          0x00103a18      0x114 ./lib\libgcc.a(_udivsi3.o)
                0x00103a18                __aeabi_uidiv
                0x00103a18                __udivsi3
                0x00103b0c                __aeabi_uidivmod
 .text          0x00103b2c        0x4 ./lib\libgcc.a(_dvmd_tls.o)
                0x00103b2c                __aeabi_idiv0
                0x00103b2c                __aeabi_ldiv0

.glue_7         0x00103b30        0x0
 .glue_7        0x00103b30        0x0 linker stubs

.glue_7t        0x00103b30        0x0
 .glue_7t       0x00103b30        0x0 linker stubs

.vfp11_veneer   0x00103b30        0x0
 .vfp11_veneer  0x00103b30        0x0 linker stubs

.v4_bx          0x00103b30        0x0
 .v4_bx         0x00103b30        0x0 linker stubs

.plt            0x00103b30        0x0
 .plt           0x00103b30        0x0 bootloader.o

.iplt           0x00103b30        0x0
 .iplt          0x00103b30        0x0 bootloader.o
                0x00103b30                . = ALIGN (0x4)

.data           0x00103b30      0x450
 *(.data)
 .data          0x00103b30        0x0 bootloader.o
 .data          0x00103b30        0x4 gameplg.o
                0x00103b30                IoBasePad
 .data          0x00103b34        0x0 lib\AC.o
 .data          0x00103b34        0x0 lib\entry.o
 .data          0x00103b34        0x0 lib\FS.o
 .data          0x00103b34       0x18 lib\main.o
                0x00103b34                sdmcArchive
 .data          0x00103b4c        0x0 lib\misc.o
 .data          0x00103b4c        0x0 lib\OS.o
 .data          0x00103b4c        0x0 lib\pm.o
 .data          0x00103b4c        0x0 lib\rt.o
 .data          0x00103b4c        0x0 lib\sharedfunc.o
 .data          0x00103b4c        0x0 lib\SOC.o
 .data          0x00103b4c        0x0 lib\srv.o
 .data          0x00103b4c        0x0 lib\stub.o
 .data          0x00103b4c        0x0 lib\svc.o
 .data          0x00103b4c        0x0 ./lib\libc.a(lib_a-memcpy-stub.o)
 .data          0x00103b4c        0x0 ./lib\libc.a(lib_a-memset.o)
 .data          0x00103b4c        0x0 ./lib\libc.a(lib_a-strcpy.o)
 .data          0x00103b4c        0x0 ./lib\libc.a(lib_a-strlen.o)
 .data          0x00103b4c        0x0 ./lib\libc.a(lib_a-strtoul.o)
 .data          0x00103b4c        0x4 ./lib\libc.a(lib_a-ctype_.o)
                0x00103b4c                __ctype_ptr__
 .data          0x00103b50      0x430 ./lib\libc.a(lib_a-impure.o)
                0x00103b50                _impure_ptr
 .data          0x00103f80        0x0 ./lib\libgcc.a(_udivsi3.o)
 .data          0x00103f80        0x0 ./lib\libgcc.a(_dvmd_tls.o)

.dynamic        0x00103f80       0x80
 .dynamic       0x00103f80       0x80 bootloader.o
                0x00103f80                _DYNAMIC

.got            0x00104000        0x0
 .got           0x00104000        0x0 bootloader.o

.got.plt        0x00104000        0xc
 .got.plt       0x00104000        0xc bootloader.o
                0x00104000                _GLOBAL_OFFSET_TABLE_

.igot.plt       0x0010400c        0x0
 .igot.plt      0x0010400c        0x0 bootloader.o
                0x0010400c                . = ALIGN (0x4)
                0x0010400c                . = ALIGN (0x4)

.rel.dyn        0x0010400c      0x480
 *(.__rel_dyn_start)
 .__rel_dyn_start
                0x0010400c        0x0 bootloader.o
 *(.rel*)
 .rel.got       0x0010400c        0x0 bootloader.o
 .rel.plt       0x0010400c        0x0 bootloader.o
 .rel.iplt      0x0010400c        0x0 bootloader.o
 .rel.text      0x0010400c      0x430 bootloader.o
 .rel.data      0x0010443c       0x38 bootloader.o
 .rel.text.startup
                0x00104474       0x10 bootloader.o
 .rel.rodata    0x00104484        0x8 bootloader.o
 *(.rel.*)
 *(.__rel_dyn_end)
 .__rel_dyn_end
                0x0010448c        0x0 bootloader.o
                0x0010448c                __code_end = .

.interp         0x0010448c       0x11
 .interp        0x0010448c       0x11 bootloader.o

.gnu.version_d  0x001044a0        0x0
 .gnu.version_d
                0x001044a0        0x0 bootloader.o

.gnu.version    0x0010449e        0x0
 .gnu.version   0x0010449e        0x0 bootloader.o

.gnu.version_r  0x001044a0        0x0
 .gnu.version_r
                0x001044a0        0x0 bootloader.o

.dynsym         0x001044a0       0x60
 .dynsym        0x001044a0       0x60 bootloader.o

.dynstr         0x00104500       0x21
 .dynstr        0x00104500       0x21 bootloader.o

.hash           0x00104524       0x2c
 .hash          0x00104524       0x2c bootloader.o

.rodata.str1.1  0x00104550      0x1b8
 .rodata.str1.1
                0x00104550      0x116 gameplg.o
 .rodata.str1.1
                0x00104666        0x5 lib\AC.o
 .rodata.str1.1
                0x0010466b        0x5 lib\main.o
                                  0x1 (size before relaxing)
 .rodata.str1.1
                0x0010466b       0x1e lib\pm.o
 .rodata.str1.1
                0x00104689       0x74 lib\rt.o
 .rodata.str1.1
                0x001046fd        0x6 lib\SOC.o
 .rodata.str1.1
                0x00104703        0x5 lib\srv.o

.rodata         0x00104708      0x158
 .rodata        0x00104708       0x4d lib\SOC.o
 *fill*         0x00104755        0x3 
 .rodata        0x00104758      0x104 ./lib\libc.a(lib_a-ctype_.o)
                0x00104758                _ctype_
 .rodata        0x0010485c        0x4 ./lib\libc.a(lib_a-impure.o)
                0x0010485c                _global_impure_ptr

.rodata.str1.4  0x00104860        0x4
 .rodata.str1.4
                0x00104860        0x4 ./lib\libc.a(lib_a-impure.o)
                0x00104864                . = ALIGN (0x4)

.bss            0x00104864     0x514c
 *(.__bss_start)
 .__bss_start   0x00104864        0x0 bootloader.o
                0x00104864                __c_bss_start
 *(.bss COMMON)
 .bss           0x00104864        0x0 bootloader.o
 .bss           0x00104864       0x14 gameplg.o
                0x00104870                g_i
                0x00104874                isNewNtr
 COMMON         0x00104878     0x5120 gameplg.o
                0x00104878                g_find
                0x00104a08                g_cheatEnabled
                0x00104a48                gamePluginMenu
                0x001056c4                g_replace
                0x00105854                fsUserHandle
                0x00105858                g_functions
                0x00105958                threadStack
                0x00109958                g_state
 .bss           0x00109998        0x0 lib\AC.o
 .bss           0x00109998        0x0 lib\entry.o
 .bss           0x00109998        0x0 lib\FS.o
 .bss           0x00109998        0x0 lib\main.o
 COMMON         0x00109998        0x4 lib\main.o
                0x00109998                IoBaseLcd
 .bss           0x0010999c        0x0 lib\misc.o
 .bss           0x0010999c        0x0 lib\OS.o
 .bss           0x0010999c        0x8 lib\pm.o
                0x0010999c                currentPid
                0x001099a0                hCurrentProcess
 .bss           0x001099a4        0x0 lib\rt.o
 .bss           0x001099a4        0x0 lib\sharedfunc.o
 .bss           0x001099a4        0x8 lib\SOC.o
                0x001099a4                SOCU_handle
 .bss           0x001099ac        0x4 lib\srv.o
                0x001099ac                srvHandle
 .bss           0x001099b0        0x0 lib\stub.o
 .bss           0x001099b0        0x0 lib\svc.o
 .bss           0x001099b0        0x0 ./lib\libc.a(lib_a-memcpy-stub.o)
 .bss           0x001099b0        0x0 ./lib\libc.a(lib_a-memset.o)
 .bss           0x001099b0        0x0 ./lib\libc.a(lib_a-strcpy.o)
 .bss           0x001099b0        0x0 ./lib\libc.a(lib_a-strlen.o)
 .bss           0x001099b0        0x0 ./lib\libc.a(lib_a-strtoul.o)
 .bss           0x001099b0        0x0 ./lib\libc.a(lib_a-ctype_.o)
 .bss           0x001099b0        0x0 ./lib\libc.a(lib_a-impure.o)
 .bss           0x001099b0        0x0 ./lib\libgcc.a(_udivsi3.o)
 .bss           0x001099b0        0x0 ./lib\libgcc.a(_dvmd_tls.o)
 *(.__bss_end)
 .__bss_end     0x001099b0        0x0 bootloader.o
                0x001099b0                __c_bss_end
                0x001099b0                __end__ = .
LOAD bootloader.o
LOAD gameplg.o
LOAD lib\AC.o
LOAD lib\entry.o
LOAD lib\FS.o
LOAD lib\main.o
LOAD lib\misc.o
LOAD lib\OS.o
LOAD lib\pm.o
LOAD lib\rt.o
LOAD lib\sharedfunc.o
LOAD lib\SOC.o
LOAD lib\srv.o
LOAD lib\stub.o
LOAD lib\svc.o
LOAD ./lib\libc.a
LOAD ./lib\libgcc.a
OUTPUT(a.out elf32-littlearm)

.dynbss         0x001099b0        0x0
 .dynbss        0x001099b0        0x0 bootloader.o

.ARM.attributes
                0x00000000       0x27
 .ARM.attributes
                0x00000000       0x19 bootloader.o
 .ARM.attributes
                0x00000019       0x2b gameplg.o
 .ARM.attributes
                0x00000044       0x2b lib\AC.o
 .ARM.attributes
                0x0000006f       0x2b lib\entry.o
 .ARM.attributes
                0x0000009a       0x2b lib\FS.o
 .ARM.attributes
                0x000000c5       0x2b lib\main.o
 .ARM.attributes
                0x000000f0       0x19 lib\misc.o
 .ARM.attributes
                0x00000109       0x2b lib\OS.o
 .ARM.attributes
                0x00000134       0x2b lib\pm.o
 .ARM.attributes
                0x0000015f       0x2b lib\rt.o
 .ARM.attributes
                0x0000018a       0x2b lib\sharedfunc.o
 .ARM.attributes
                0x000001b5       0x2b lib\SOC.o
 .ARM.attributes
                0x000001e0       0x2b lib\srv.o
 .ARM.attributes
                0x0000020b       0x19 lib\stub.o
 .ARM.attributes
                0x00000224       0x19 lib\svc.o
 .ARM.attributes
                0x0000023d       0x30 ./lib\libc.a(lib_a-memcpy-stub.o)
 .ARM.attributes
                0x0000026d       0x30 ./lib\libc.a(lib_a-memset.o)
 .ARM.attributes
                0x0000029d       0x30 ./lib\libc.a(lib_a-strcpy.o)
 .ARM.attributes
                0x000002cd       0x30 ./lib\libc.a(lib_a-strlen.o)
 .ARM.attributes
                0x000002fd       0x30 ./lib\libc.a(lib_a-strtoul.o)
 .ARM.attributes
                0x0000032d       0x30 ./lib\libc.a(lib_a-ctype_.o)
 .ARM.attributes
                0x0000035d       0x30 ./lib\libc.a(lib_a-impure.o)
 .ARM.attributes
                0x0000038d       0x18 ./lib\libgcc.a(_udivsi3.o)
 .ARM.attributes
                0x000003a5       0x18 ./lib\libgcc.a(_dvmd_tls.o)

.comment        0x00000000       0x44
 .comment       0x00000000       0x22 gameplg.o
                                 0x23 (size before relaxing)
 .comment       0x00000022       0x22 lib\AC.o
                                 0x23 (size before relaxing)
 .comment       0x00000044       0x23 lib\entry.o
 .comment       0x00000044       0x23 lib\FS.o
 .comment       0x00000044       0x23 lib\main.o
 .comment       0x00000044       0x23 lib\OS.o
 .comment       0x00000044       0x23 lib\pm.o
 .comment       0x00000044       0x23 lib\rt.o
 .comment       0x00000044       0x23 lib\sharedfunc.o
 .comment       0x00000044       0x23 lib\SOC.o
 .comment       0x00000044       0x23 lib\srv.o
 .comment       0x00000044       0x23 ./lib\libc.a(lib_a-memcpy-stub.o)
 .comment       0x00000044       0x23 ./lib\libc.a(lib_a-memset.o)
 .comment       0x00000044       0x23 ./lib\libc.a(lib_a-strcpy.o)
 .comment       0x00000044       0x23 ./lib\libc.a(lib_a-strlen.o)
 .comment       0x00000044       0x23 ./lib\libc.a(lib_a-strtoul.o)
 .comment       0x00000044       0x23 ./lib\libc.a(lib_a-ctype_.o)
 .comment       0x00000044       0x23 ./lib\libc.a(lib_a-impure.o)

.debug_info     0x00000000     0x4fbe
 .debug_info    0x00000000     0x15b6 gameplg.o
 .debug_info    0x000015b6      0x368 lib\AC.o
 .debug_info    0x0000191e      0x11f lib\entry.o
 .debug_info    0x00001a3d      0x8a9 lib\FS.o
 .debug_info    0x000022e6      0x272 lib\main.o
 .debug_info    0x00002558       0xc0 lib\OS.o
 .debug_info    0x00002618      0x335 lib\pm.o
 .debug_info    0x0000294d      0xc82 lib\rt.o
 .debug_info    0x000035cf      0x335 lib\sharedfunc.o
 .debug_info    0x00003904     0x13dc lib\SOC.o
 .debug_info    0x00004ce0      0x2de lib\srv.o

.debug_abbrev   0x00000000     0x122f
 .debug_abbrev  0x00000000      0x3ed gameplg.o
 .debug_abbrev  0x000003ed      0x13f lib\AC.o
 .debug_abbrev  0x0000052c       0xcc lib\entry.o
 .debug_abbrev  0x000005f8      0x144 lib\FS.o
 .debug_abbrev  0x0000073c      0x10f lib\main.o
 .debug_abbrev  0x0000084b       0x6d lib\OS.o
 .debug_abbrev  0x000008b8      0x15f lib\pm.o
 .debug_abbrev  0x00000a17      0x2aa lib\rt.o
 .debug_abbrev  0x00000cc1       0xfb lib\sharedfunc.o
 .debug_abbrev  0x00000dbc      0x304 lib\SOC.o
 .debug_abbrev  0x000010c0      0x16f lib\srv.o

.debug_loc      0x00000000     0x2fd8
 .debug_loc     0x00000000      0x79e gameplg.o
 .debug_loc     0x0000079e      0x1cc lib\AC.o
 .debug_loc     0x0000096a       0x34 lib\entry.o
 .debug_loc     0x0000099e      0x7db lib\FS.o
 .debug_loc     0x00001179       0x5c lib\OS.o
 .debug_loc     0x000011d5       0xfa lib\pm.o
 .debug_loc     0x000012cf      0x6b8 lib\rt.o
 .debug_loc     0x00001987     0x152b lib\SOC.o
 .debug_loc     0x00002eb2      0x126 lib\srv.o

.debug_aranges  0x00000000      0x160
 .debug_aranges
                0x00000000       0x20 gameplg.o
 .debug_aranges
                0x00000020       0x20 lib\AC.o
 .debug_aranges
                0x00000040       0x20 lib\entry.o
 .debug_aranges
                0x00000060       0x20 lib\FS.o
 .debug_aranges
                0x00000080       0x20 lib\main.o
 .debug_aranges
                0x000000a0       0x20 lib\OS.o
 .debug_aranges
                0x000000c0       0x20 lib\pm.o
 .debug_aranges
                0x000000e0       0x20 lib\rt.o
 .debug_aranges
                0x00000100       0x20 lib\sharedfunc.o
 .debug_aranges
                0x00000120       0x20 lib\SOC.o
 .debug_aranges
                0x00000140       0x20 lib\srv.o

.debug_ranges   0x00000000       0xd0
 .debug_ranges  0x00000000       0x70 gameplg.o
 .debug_ranges  0x00000070       0x10 lib\main.o
 .debug_ranges  0x00000080       0x50 lib\rt.o

.debug_line     0x00000000     0x1542
 .debug_line    0x00000000      0x45b gameplg.o
 .debug_line    0x0000045b      0x12e lib\AC.o
 .debug_line    0x00000589       0xe1 lib\entry.o
 .debug_line    0x0000066a      0x1d0 lib\FS.o
 .debug_line    0x0000083a      0x116 lib\main.o
 .debug_line    0x00000950       0xed lib\OS.o
 .debug_line    0x00000a3d      0x120 lib\pm.o
 .debug_line    0x00000b5d      0x27f lib\rt.o
 .debug_line    0x00000ddc      0x102 lib\sharedfunc.o
 .debug_line    0x00000ede      0x4ed lib\SOC.o
 .debug_line    0x000013cb      0x177 lib\srv.o

.debug_str      0x00000000      0xec9
 .debug_str     0x00000000      0x5ec gameplg.o
                                0x6b7 (size before relaxing)
 .debug_str     0x000005ec      0x108 lib\AC.o
                                0x1e9 (size before relaxing)
 .debug_str     0x000006f4       0x3c lib\entry.o
                                0x14a (size before relaxing)
 .debug_str     0x00000730      0x163 lib\FS.o
                                0x367 (size before relaxing)
 .debug_str     0x00000893       0x94 lib\main.o
                                0x25f (size before relaxing)
 .debug_str     0x00000927       0x33 lib\OS.o
                                0x123 (size before relaxing)
 .debug_str     0x0000095a       0xb0 lib\pm.o
                                0x229 (size before relaxing)
 .debug_str     0x00000a0a      0x1ff lib\rt.o
                                0x4f0 (size before relaxing)
 .debug_str     0x00000c09       0x1e lib\sharedfunc.o
                                0x22f (size before relaxing)
 .debug_str     0x00000c27      0x24f lib\SOC.o
                                0x420 (size before relaxing)
 .debug_str     0x00000e76       0x53 lib\srv.o
                                0x1e1 (size before relaxing)

.debug_frame    0x00000000      0xc18
 .debug_frame   0x00000000      0x31c gameplg.o
 .debug_frame   0x0000031c       0x8c lib\AC.o
 .debug_frame   0x000003a8       0x30 lib\entry.o
 .debug_frame   0x000003d8      0x1ac lib\FS.o
 .debug_frame   0x00000584       0x28 lib\main.o
 .debug_frame   0x000005ac       0x20 lib\OS.o
 .debug_frame   0x000005cc       0x90 lib\pm.o
 .debug_frame   0x0000065c      0x1a8 lib\rt.o
 .debug_frame   0x00000804       0x2c lib\sharedfunc.o
 .debug_frame   0x00000830      0x370 lib\SOC.o
 .debug_frame   0x00000ba0       0x78 lib\srv.o
