Archive member included to satisfy reference by file (symbol)

./lib\libc.a(lib_a-memcpy-stub.o)
                              lib\rt.o (memcpy)
./lib\libc.a(lib_a-memset.o)  gameplg.o (memset)
./lib\libc.a(lib_a-strcpy.o)  gameplg.o (strcpy)
./lib\libc.a(lib_a-strlen.o)  gameplg.o (strlen)
./lib\libc.a(lib_a-strtoul.o)
                              gameplg.o (strtoul)
./lib\libc.a(lib_a-ctype_.o)  ./lib\libc.a(lib_a-strtoul.o) (__ctype_ptr__)
./lib\libc.a(lib_a-impure.o)  ./lib\libc.a(lib_a-strtoul.o) (_impure_ptr)
./lib\libgcc.a(_udivsi3.o)    ./lib\libc.a(lib_a-strtoul.o) (__aeabi_uidiv)
./lib\libgcc.a(_dvmd_tls.o)   ./lib\libgcc.a(_udivsi3.o) (__aeabi_idiv0)

Allocating common symbols
Common symbol       size              file

g_find              0x190             gameplg.o
g_cheatEnabled      0x40              gameplg.o
gamePluginMenu      0xc7c             gameplg.o
IoBaseLcd           0x4               lib\main.o
g_replace           0x190             gameplg.o
fsUserHandle        0x4               gameplg.o
g_functions         0x100             gameplg.o
threadStack         0x4000            gameplg.o
g_state             0x40              gameplg.o

Memory Configuration

Name             Origin             Length             Attributes
*default*        0x00000000         0xffffffff

Linker script and memory map

                0x00100100                . = 0x100100
                0x00100100                . = ALIGN (0x4)

.text           0x00100100     0x3a50
                0x00100100                __text_start = .
 bootloader.o(.text*)
 .text          0x00100100       0xb0 bootloader.o
                0x00100100                _Reset
                0x0010017c                _ReturnToUser
                0x00100190                plgGetIoBase
                0x00100198                copyRemoteMemory
 *(.text*)
 .text          0x001001b0     0x11f8 gameplg.o
                0x001001b0                grass
                0x001001d4                desert
                0x001001f8                getKey
                0x00100218                moonjump
                0x00100250                teleport
                0x001002ec                duplicate
                0x0010030c                coord
                0x001003fc                waitKeyChange
                0x00100414                waitKeyUp
                0x00100428                text2item
                0x00100494                initMenu
                0x001004f4                addMenuEntry
                0x00100554                addCheatMenuEntry
                0x001005a4                updateMenu
                0x0010061c                scanMenu
                0x00100660                detectLanguage
                0x00100668                updateCheatEnableDisplay
                0x001006b8                disableCheat
                0x001006d4                onCheatItemChanged
                0x00100714                scanCheatMenu
                0x0010074c                find_and_replace_multiple
                0x001007a8                search
                0x00100880                destroy
                0x00100958                weeder
                0x00100a30                quench
                0x00100fbc                tree
                0x0010112c                add_to_address
                0x0010113c                sub_to_address
                0x0010114c                initCheatMenu
                0x001012c4                gamePluginEntry
 .text          0x001013a8      0x144 lib\AC.o
                0x001013a8                ACU_cmd1
                0x001013f8                ACU_cmd26
                0x00101458                ACU_GetWifiStatus
                0x00101490                ACU_WaitInternetConnection
 .text          0x001014ec       0x30 lib\entry.o
                0x001014ec                c_entry
                0x00101518                IRQHandler
 .text          0x0010151c      0x50c lib\FS.o
                0x0010151c                FSUSER_Initialize
                0x00101550                FSUSER_OpenFile
                0x001015f0                FSUSER_OpenFileDirectly
                0x001016b0                FSUSER_OpenArchive
                0x00101734                FSUSER_OpenDirectory
                0x001017c0                FSUSER_CloseArchive
                0x00101810                FSFILE_Close
                0x00101840                FSFILE_Read
                0x001018a8                FSFILE_Write
                0x00101918                FSFILE_GetSize
                0x0010195c                FSFILE_SetSize
                0x00101994                FSDIR_Read
                0x001019f8                FSDIR_Close
 .text          0x00101a28        0x0 lib\main.o
 .text.startup  0x00101a28       0x3c lib\main.o
                0x00101a28                main
 *fill*         0x00101a64        0xc 
 .text          0x00101a70       0x10 lib\misc.o
                0x00101a70                sleep
 .text          0x00101a80       0x3c lib\OS.o
                0x00101a80                OS_ConvertVaddr2Physaddr
 .text          0x00101abc       0xd4 lib\pm.o
                0x00101abc                dumpKernel
                0x00101ac0                getCurrentProcessId
                0x00101ae4                getCurrentProcessHandle
                0x00101b4c                protectRemoteMemory
                0x00101b70                protectMemory
 .text          0x00101b90      0x54c lib\rt.o
                0x00101b90                rtInitLock
                0x00101b9c                rtAcquireLock
                0x00101bd0                rtReleaseLock
                0x00101bdc                rtAlignToPageSize
                0x00101bec                rtGetPageOfAddress
                0x00101bf8                rtCheckRemoteMemoryRegionSafeForWrite
                0x00101c48                rtSafeCopyMemory
                0x00101ca0                rtRecvSocket
                0x00101d00                rtSendSocket
                0x00101d5c                rtIntToPortNumber
                0x00101d78                rtGetFileSize
                0x00101e64                rtLoadFileToBuffer
                0x00101fac                rtGenerateJumpCode
                0x00101fc4                rtFlushInstructionCache
                0x00101fdc                rtInitHook
                0x00102054                rtEnableHook
                0x00102098                rtDisableHook
 .text          0x001020dc      0x10c lib\sharedfunc.o
                0x001020dc                initSharedFunc
 .text          0x001021e8      0xef8 lib\SOC.o
                0x00102224                socu_cmd1
                0x00102274                SOC_Shutdown
                0x001022b0                SOC_Initialize
                0x00102318                SOC_GetErrno
                0x00102328                socket
                0x00102390                closesocket
                0x001023f0                shutdown
                0x00102454                listen
                0x001024b8                accept
                0x001025b4                bind
                0x00102684                connect
                0x00102754                socuipc_cmd7
                0x00102870                socuipc_cmd8
                0x001029b0                socuipc_cmd9
                0x00102ac0                socuipc_cmda
                0x00102bd4                recvfrom
                0x00102c00                sendto
                0x00102c2c                recv
                0x00102c48                send
                0x00102c64                getsockopt
                0x00102d14                setsockopt
                0x00102d9c                fcntl
                0x00102e64                sockatmark
                0x00102ec4                gethostid
                0x00102f00                getsockname
                0x00102ff0                getpeername
 .text          0x001030e0      0x118 lib\srv.o
                0x001030e0                exitSrv
                0x001030f8                srv_RegisterClient
                0x00103138                initSrv
                0x0010316c                srv_getServiceHandle
 .text          0x001031f8       0x40 lib\stub.o
                0x001031f8                showDbg
                0x00103200                nsDbgPrint
                0x00103208                plgRegisterMenuEntry
                0x00103210                plgGetSharedServiceHandle
                0x00103218                plgRequestMemory
                0x00103220                plgRegisterCallback
                0x00103228                xsprintf
                0x00103230                controlVideo
 *fill*         0x00103238        0x8 
 .text          0x00103240      0x2a0 lib\svc.o
                0x00103240                getThreadCommandBuffer
                0x0010324c                svc_controlMemory
                0x0010326c                svc_exitProcess
                0x00103274                svc_createThread
                0x00103294                svc_exitThread
                0x0010329c                svc_sleepThread
                0x001032a4                svc_createMutex
                0x001032b8                svc_releaseMutex
                0x001032c0                svc_releaseSemaphore
                0x001032d4                svc_createEvent
                0x001032e8                svc_signalEvent
                0x001032f0                svc_clearEvent
                0x001032f8                svc_createMemoryBlock
                0x00103310                svc_mapMemoryBlock
                0x00103318                svc_unmapMemoryBlock
                0x00103320                svc_arbitrateAddress
                0x00103328                svc_closeHandle
                0x00103330                svc_waitSynchronization1
                0x00103338                svc_waitSynchronizationN
                0x00103358                svc_getSystemTick
                0x00103360                svc_getSystemInfo
                0x0010337c                svc_getProcessInfo
                0x00103398                svc_connectToPort
                0x001033ac                svc_sendSyncRequest
                0x001033b4                svc_getProcessId
                0x001033c8                svc_getThreadId
                0x001033dc                svc_setThreadIdealProcessor
                0x001033e4                svc_openThread
                0x001033f8                svc_flushProcessDataCache
                0x00103400                svc_invalidateProcessDataCache
                0x00103408                svc_queryMemory
                0x00103410                svc_addCodeSegment
                0x00103418                svc_openProcess
                0x0010342c                svc_controlProcessMemory
                0x00103444                svc_mapProcessMemory
                0x0010344c                svc_startInterProcessDma
                0x0010346c                svc_getDmaState
                0x00103480                svc_backDoor
                0x00103488                svc_getProcessList
                0x0010349c                svc_getThreadList
                0x001034b0                svc_getThreadContext
                0x001034b8                svc_debugActiveProcess
                0x001034cc                svc_readProcessMemory
                0x001034d4                svc_writeProcessMemory
 .text          0x001034e0       0xf0 ./lib\libc.a(lib_a-memcpy-stub.o)
                0x001034e0                memcpy
 .text          0x001035d0       0xf4 ./lib\libc.a(lib_a-memset.o)
                0x001035d0                memset
 .text          0x001036c4       0xf0 ./lib\libc.a(lib_a-strcpy.o)
                0x001036c4                strcpy
 .text          0x001037b4       0x60 ./lib\libc.a(lib_a-strlen.o)
                0x001037b4                strlen
 .text          0x00103814      0x20c ./lib\libc.a(lib_a-strtoul.o)
                0x00103814                _strtoul_r
                0x001039f8                strtoul
 .text          0x00103a20       0x18 ./lib\libc.a(lib_a-ctype_.o)
                0x00103a20                __set_ctype
 .text          0x00103a38        0x0 ./lib\libc.a(lib_a-impure.o)
 .text          0x00103a38      0x114 ./lib\libgcc.a(_udivsi3.o)
                0x00103a38                __aeabi_uidiv
                0x00103a38                __udivsi3
                0x00103b2c                __aeabi_uidivmod
 .text          0x00103b4c        0x4 ./lib\libgcc.a(_dvmd_tls.o)
                0x00103b4c                __aeabi_idiv0
                0x00103b4c                __aeabi_ldiv0

.glue_7         0x00103b50        0x0
 .glue_7        0x00103b50        0x0 linker stubs

.glue_7t        0x00103b50        0x0
 .glue_7t       0x00103b50        0x0 linker stubs

.vfp11_veneer   0x00103b50        0x0
 .vfp11_veneer  0x00103b50        0x0 linker stubs

.v4_bx          0x00103b50        0x0
 .v4_bx         0x00103b50        0x0 linker stubs

.plt            0x00103b50        0x0
 .plt           0x00103b50        0x0 bootloader.o

.iplt           0x00103b50        0x0
 .iplt          0x00103b50        0x0 bootloader.o
                0x00103b50                . = ALIGN (0x4)

.data           0x00103b50      0x450
 *(.data)
 .data          0x00103b50        0x0 bootloader.o
 .data          0x00103b50        0x4 gameplg.o
                0x00103b50                IoBasePad
 .data          0x00103b54        0x0 lib\AC.o
 .data          0x00103b54        0x0 lib\entry.o
 .data          0x00103b54        0x0 lib\FS.o
 .data          0x00103b54       0x18 lib\main.o
                0x00103b54                sdmcArchive
 .data          0x00103b6c        0x0 lib\misc.o
 .data          0x00103b6c        0x0 lib\OS.o
 .data          0x00103b6c        0x0 lib\pm.o
 .data          0x00103b6c        0x0 lib\rt.o
 .data          0x00103b6c        0x0 lib\sharedfunc.o
 .data          0x00103b6c        0x0 lib\SOC.o
 .data          0x00103b6c        0x0 lib\srv.o
 .data          0x00103b6c        0x0 lib\stub.o
 .data          0x00103b6c        0x0 lib\svc.o
 .data          0x00103b6c        0x0 ./lib\libc.a(lib_a-memcpy-stub.o)
 .data          0x00103b6c        0x0 ./lib\libc.a(lib_a-memset.o)
 .data          0x00103b6c        0x0 ./lib\libc.a(lib_a-strcpy.o)
 .data          0x00103b6c        0x0 ./lib\libc.a(lib_a-strlen.o)
 .data          0x00103b6c        0x0 ./lib\libc.a(lib_a-strtoul.o)
 .data          0x00103b6c        0x4 ./lib\libc.a(lib_a-ctype_.o)
                0x00103b6c                __ctype_ptr__
 .data          0x00103b70      0x430 ./lib\libc.a(lib_a-impure.o)
                0x00103b70                _impure_ptr
 .data          0x00103fa0        0x0 ./lib\libgcc.a(_udivsi3.o)
 .data          0x00103fa0        0x0 ./lib\libgcc.a(_dvmd_tls.o)

.dynamic        0x00103fa0       0x80
 .dynamic       0x00103fa0       0x80 bootloader.o
                0x00103fa0                _DYNAMIC

.got            0x00104020        0x0
 .got           0x00104020        0x0 bootloader.o

.got.plt        0x00104020        0xc
 .got.plt       0x00104020        0xc bootloader.o
                0x00104020                _GLOBAL_OFFSET_TABLE_

.igot.plt       0x0010402c        0x0
 .igot.plt      0x0010402c        0x0 bootloader.o
                0x0010402c                . = ALIGN (0x4)
                0x0010402c                . = ALIGN (0x4)

.rel.dyn        0x0010402c      0x480
 *(.__rel_dyn_start)
 .__rel_dyn_start
                0x0010402c        0x0 bootloader.o
 *(.rel*)
 .rel.got       0x0010402c        0x0 bootloader.o
 .rel.plt       0x0010402c        0x0 bootloader.o
 .rel.iplt      0x0010402c        0x0 bootloader.o
 .rel.text      0x0010402c      0x430 bootloader.o
 .rel.data      0x0010445c       0x38 bootloader.o
 .rel.text.startup
                0x00104494       0x10 bootloader.o
 .rel.rodata    0x001044a4        0x8 bootloader.o
 *(.rel.*)
 *(.__rel_dyn_end)
 .__rel_dyn_end
                0x001044ac        0x0 bootloader.o
                0x001044ac                __code_end = .

.interp         0x001044ac       0x11
 .interp        0x001044ac       0x11 bootloader.o

.gnu.version_d  0x001044c0        0x0
 .gnu.version_d
                0x001044c0        0x0 bootloader.o

.gnu.version    0x001044be        0x0
 .gnu.version   0x001044be        0x0 bootloader.o

.gnu.version_r  0x001044c0        0x0
 .gnu.version_r
                0x001044c0        0x0 bootloader.o

.dynsym         0x001044c0       0x60
 .dynsym        0x001044c0       0x60 bootloader.o

.dynstr         0x00104520       0x21
 .dynstr        0x00104520       0x21 bootloader.o

.hash           0x00104544       0x2c
 .hash          0x00104544       0x2c bootloader.o

.rodata.str1.1  0x00104570      0x1b8
 .rodata.str1.1
                0x00104570      0x116 gameplg.o
 .rodata.str1.1
                0x00104686        0x5 lib\AC.o
 .rodata.str1.1
                0x0010468b        0x5 lib\main.o
                                  0x1 (size before relaxing)
 .rodata.str1.1
                0x0010468b       0x1e lib\pm.o
 .rodata.str1.1
                0x001046a9       0x74 lib\rt.o
 .rodata.str1.1
                0x0010471d        0x6 lib\SOC.o
 .rodata.str1.1
                0x00104723        0x5 lib\srv.o

.rodata         0x00104728      0x158
 .rodata        0x00104728       0x4d lib\SOC.o
 *fill*         0x00104775        0x3 
 .rodata        0x00104778      0x104 ./lib\libc.a(lib_a-ctype_.o)
                0x00104778                _ctype_
 .rodata        0x0010487c        0x4 ./lib\libc.a(lib_a-impure.o)
                0x0010487c                _global_impure_ptr

.rodata.str1.4  0x00104880        0x4
 .rodata.str1.4
                0x00104880        0x4 ./lib\libc.a(lib_a-impure.o)
                0x00104884                . = ALIGN (0x4)

.bss            0x00104884     0x5150
 *(.__bss_start)
 .__bss_start   0x00104884        0x0 bootloader.o
                0x00104884                __c_bss_start
 *(.bss COMMON)
 .bss           0x00104884        0x0 bootloader.o
 .bss           0x00104884       0x18 gameplg.o
                0x00104894                g_i
                0x00104898                isNewNtr
 COMMON         0x0010489c     0x5120 gameplg.o
                0x0010489c                g_find
                0x00104a2c                g_cheatEnabled
                0x00104a6c                gamePluginMenu
                0x001056e8                g_replace
                0x00105878                fsUserHandle
                0x0010587c                g_functions
                0x0010597c                threadStack
                0x0010997c                g_state
 .bss           0x001099bc        0x0 lib\AC.o
 .bss           0x001099bc        0x0 lib\entry.o
 .bss           0x001099bc        0x0 lib\FS.o
 .bss           0x001099bc        0x0 lib\main.o
 COMMON         0x001099bc        0x4 lib\main.o
                0x001099bc                IoBaseLcd
 .bss           0x001099c0        0x0 lib\misc.o
 .bss           0x001099c0        0x0 lib\OS.o
 .bss           0x001099c0        0x8 lib\pm.o
                0x001099c0                currentPid
                0x001099c4                hCurrentProcess
 .bss           0x001099c8        0x0 lib\rt.o
 .bss           0x001099c8        0x0 lib\sharedfunc.o
 .bss           0x001099c8        0x8 lib\SOC.o
                0x001099c8                SOCU_handle
 .bss           0x001099d0        0x4 lib\srv.o
                0x001099d0                srvHandle
 .bss           0x001099d4        0x0 lib\stub.o
 .bss           0x001099d4        0x0 lib\svc.o
 .bss           0x001099d4        0x0 ./lib\libc.a(lib_a-memcpy-stub.o)
 .bss           0x001099d4        0x0 ./lib\libc.a(lib_a-memset.o)
 .bss           0x001099d4        0x0 ./lib\libc.a(lib_a-strcpy.o)
 .bss           0x001099d4        0x0 ./lib\libc.a(lib_a-strlen.o)
 .bss           0x001099d4        0x0 ./lib\libc.a(lib_a-strtoul.o)
 .bss           0x001099d4        0x0 ./lib\libc.a(lib_a-ctype_.o)
 .bss           0x001099d4        0x0 ./lib\libc.a(lib_a-impure.o)
 .bss           0x001099d4        0x0 ./lib\libgcc.a(_udivsi3.o)
 .bss           0x001099d4        0x0 ./lib\libgcc.a(_dvmd_tls.o)
 *(.__bss_end)
 .__bss_end     0x001099d4        0x0 bootloader.o
                0x001099d4                __c_bss_end
                0x001099d4                __end__ = .
LOAD bootloader.o
LOAD gameplg.o
LOAD lib\AC.o
LOAD lib\entry.o
LOAD lib\FS.o
LOAD lib\main.o
LOAD lib\misc.o
LOAD lib\OS.o
LOAD lib\pm.o
LOAD lib\rt.o
LOAD lib\sharedfunc.o
LOAD lib\SOC.o
LOAD lib\srv.o
LOAD lib\stub.o
LOAD lib\svc.o
LOAD ./lib\libc.a
LOAD ./lib\libgcc.a
OUTPUT(a.out elf32-littlearm)

.dynbss         0x001099d4        0x0
 .dynbss        0x001099d4        0x0 bootloader.o

.ARM.attributes
                0x00000000       0x27
 .ARM.attributes
                0x00000000       0x19 bootloader.o
 .ARM.attributes
                0x00000019       0x2b gameplg.o
 .ARM.attributes
                0x00000044       0x2b lib\AC.o
 .ARM.attributes
                0x0000006f       0x2b lib\entry.o
 .ARM.attributes
                0x0000009a       0x2b lib\FS.o
 .ARM.attributes
                0x000000c5       0x2b lib\main.o
 .ARM.attributes
                0x000000f0       0x19 lib\misc.o
 .ARM.attributes
                0x00000109       0x2b lib\OS.o
 .ARM.attributes
                0x00000134       0x2b lib\pm.o
 .ARM.attributes
                0x0000015f       0x2b lib\rt.o
 .ARM.attributes
                0x0000018a       0x2b lib\sharedfunc.o
 .ARM.attributes
                0x000001b5       0x2b lib\SOC.o
 .ARM.attributes
                0x000001e0       0x2b lib\srv.o
 .ARM.attributes
                0x0000020b       0x19 lib\stub.o
 .ARM.attributes
                0x00000224       0x19 lib\svc.o
 .ARM.attributes
                0x0000023d       0x30 ./lib\libc.a(lib_a-memcpy-stub.o)
 .ARM.attributes
                0x0000026d       0x30 ./lib\libc.a(lib_a-memset.o)
 .ARM.attributes
                0x0000029d       0x30 ./lib\libc.a(lib_a-strcpy.o)
 .ARM.attributes
                0x000002cd       0x30 ./lib\libc.a(lib_a-strlen.o)
 .ARM.attributes
                0x000002fd       0x30 ./lib\libc.a(lib_a-strtoul.o)
 .ARM.attributes
                0x0000032d       0x30 ./lib\libc.a(lib_a-ctype_.o)
 .ARM.attributes
                0x0000035d       0x30 ./lib\libc.a(lib_a-impure.o)
 .ARM.attributes
                0x0000038d       0x18 ./lib\libgcc.a(_udivsi3.o)
 .ARM.attributes
                0x000003a5       0x18 ./lib\libgcc.a(_dvmd_tls.o)

.comment        0x00000000       0x44
 .comment       0x00000000       0x22 gameplg.o
                                 0x23 (size before relaxing)
 .comment       0x00000022       0x22 lib\AC.o
                                 0x23 (size before relaxing)
 .comment       0x00000044       0x23 lib\entry.o
 .comment       0x00000044       0x23 lib\FS.o
 .comment       0x00000044       0x23 lib\main.o
 .comment       0x00000044       0x23 lib\OS.o
 .comment       0x00000044       0x23 lib\pm.o
 .comment       0x00000044       0x23 lib\rt.o
 .comment       0x00000044       0x23 lib\sharedfunc.o
 .comment       0x00000044       0x23 lib\SOC.o
 .comment       0x00000044       0x23 lib\srv.o
 .comment       0x00000044       0x23 ./lib\libc.a(lib_a-memcpy-stub.o)
 .comment       0x00000044       0x23 ./lib\libc.a(lib_a-memset.o)
 .comment       0x00000044       0x23 ./lib\libc.a(lib_a-strcpy.o)
 .comment       0x00000044       0x23 ./lib\libc.a(lib_a-strlen.o)
 .comment       0x00000044       0x23 ./lib\libc.a(lib_a-strtoul.o)
 .comment       0x00000044       0x23 ./lib\libc.a(lib_a-ctype_.o)
 .comment       0x00000044       0x23 ./lib\libc.a(lib_a-impure.o)

.debug_info     0x00000000     0x4fca
 .debug_info    0x00000000     0x15c2 gameplg.o
 .debug_info    0x000015c2      0x368 lib\AC.o
 .debug_info    0x0000192a      0x11f lib\entry.o
 .debug_info    0x00001a49      0x8a9 lib\FS.o
 .debug_info    0x000022f2      0x272 lib\main.o
 .debug_info    0x00002564       0xc0 lib\OS.o
 .debug_info    0x00002624      0x335 lib\pm.o
 .debug_info    0x00002959      0xc82 lib\rt.o
 .debug_info    0x000035db      0x335 lib\sharedfunc.o
 .debug_info    0x00003910     0x13dc lib\SOC.o
 .debug_info    0x00004cec      0x2de lib\srv.o

.debug_abbrev   0x00000000     0x122f
 .debug_abbrev  0x00000000      0x3ed gameplg.o
 .debug_abbrev  0x000003ed      0x13f lib\AC.o
 .debug_abbrev  0x0000052c       0xcc lib\entry.o
 .debug_abbrev  0x000005f8      0x144 lib\FS.o
 .debug_abbrev  0x0000073c      0x10f lib\main.o
 .debug_abbrev  0x0000084b       0x6d lib\OS.o
 .debug_abbrev  0x000008b8      0x15f lib\pm.o
 .debug_abbrev  0x00000a17      0x2aa lib\rt.o
 .debug_abbrev  0x00000cc1       0xfb lib\sharedfunc.o
 .debug_abbrev  0x00000dbc      0x304 lib\SOC.o
 .debug_abbrev  0x000010c0      0x16f lib\srv.o

.debug_loc      0x00000000     0x2fd8
 .debug_loc     0x00000000      0x79e gameplg.o
 .debug_loc     0x0000079e      0x1cc lib\AC.o
 .debug_loc     0x0000096a       0x34 lib\entry.o
 .debug_loc     0x0000099e      0x7db lib\FS.o
 .debug_loc     0x00001179       0x5c lib\OS.o
 .debug_loc     0x000011d5       0xfa lib\pm.o
 .debug_loc     0x000012cf      0x6b8 lib\rt.o
 .debug_loc     0x00001987     0x152b lib\SOC.o
 .debug_loc     0x00002eb2      0x126 lib\srv.o

.debug_aranges  0x00000000      0x160
 .debug_aranges
                0x00000000       0x20 gameplg.o
 .debug_aranges
                0x00000020       0x20 lib\AC.o
 .debug_aranges
                0x00000040       0x20 lib\entry.o
 .debug_aranges
                0x00000060       0x20 lib\FS.o
 .debug_aranges
                0x00000080       0x20 lib\main.o
 .debug_aranges
                0x000000a0       0x20 lib\OS.o
 .debug_aranges
                0x000000c0       0x20 lib\pm.o
 .debug_aranges
                0x000000e0       0x20 lib\rt.o
 .debug_aranges
                0x00000100       0x20 lib\sharedfunc.o
 .debug_aranges
                0x00000120       0x20 lib\SOC.o
 .debug_aranges
                0x00000140       0x20 lib\srv.o

.debug_ranges   0x00000000       0xd8
 .debug_ranges  0x00000000       0x78 gameplg.o
 .debug_ranges  0x00000078       0x10 lib\main.o
 .debug_ranges  0x00000088       0x50 lib\rt.o

.debug_line     0x00000000     0x1543
 .debug_line    0x00000000      0x45c gameplg.o
 .debug_line    0x0000045c      0x12e lib\AC.o
 .debug_line    0x0000058a       0xe1 lib\entry.o
 .debug_line    0x0000066b      0x1d0 lib\FS.o
 .debug_line    0x0000083b      0x116 lib\main.o
 .debug_line    0x00000951       0xed lib\OS.o
 .debug_line    0x00000a3e      0x120 lib\pm.o
 .debug_line    0x00000b5e      0x27f lib\rt.o
 .debug_line    0x00000ddd      0x102 lib\sharedfunc.o
 .debug_line    0x00000edf      0x4ed lib\SOC.o
 .debug_line    0x000013cc      0x177 lib\srv.o

.debug_str      0x00000000      0xec9
 .debug_str     0x00000000      0x5ec gameplg.o
                                0x6b7 (size before relaxing)
 .debug_str     0x000005ec      0x108 lib\AC.o
                                0x1e9 (size before relaxing)
 .debug_str     0x000006f4       0x3c lib\entry.o
                                0x14a (size before relaxing)
 .debug_str     0x00000730      0x163 lib\FS.o
                                0x367 (size before relaxing)
 .debug_str     0x00000893       0x94 lib\main.o
                                0x25f (size before relaxing)
 .debug_str     0x00000927       0x33 lib\OS.o
                                0x123 (size before relaxing)
 .debug_str     0x0000095a       0xb0 lib\pm.o
                                0x229 (size before relaxing)
 .debug_str     0x00000a0a      0x1ff lib\rt.o
                                0x4f0 (size before relaxing)
 .debug_str     0x00000c09       0x1e lib\sharedfunc.o
                                0x22f (size before relaxing)
 .debug_str     0x00000c27      0x24f lib\SOC.o
                                0x420 (size before relaxing)
 .debug_str     0x00000e76       0x53 lib\srv.o
                                0x1e1 (size before relaxing)

.debug_frame    0x00000000      0xc18
 .debug_frame   0x00000000      0x31c gameplg.o
 .debug_frame   0x0000031c       0x8c lib\AC.o
 .debug_frame   0x000003a8       0x30 lib\entry.o
 .debug_frame   0x000003d8      0x1ac lib\FS.o
 .debug_frame   0x00000584       0x28 lib\main.o
 .debug_frame   0x000005ac       0x20 lib\OS.o
 .debug_frame   0x000005cc       0x90 lib\pm.o
 .debug_frame   0x0000065c      0x1a8 lib\rt.o
 .debug_frame   0x00000804       0x2c lib\sharedfunc.o
 .debug_frame   0x00000830      0x370 lib\SOC.o
 .debug_frame   0x00000ba0       0x78 lib\srv.o
