Archive member included to satisfy reference by file (symbol)

./lib\libc.a(lib_a-memcpy-stub.o)
                              lib\rt.o (memcpy)
./lib\libc.a(lib_a-memset.o)  gameplg.o (memset)
./lib\libc.a(lib_a-strcpy.o)  gameplg.o (strcpy)
./lib\libc.a(lib_a-strlen.o)  gameplg.o (strlen)
./lib\libc.a(lib_a-strtoul.o)
                              gameplg.o (strtoul)
./lib\libc.a(lib_a-ctype_.o)  ./lib\libc.a(lib_a-strtoul.o) (__ctype_ptr__)
./lib\libc.a(lib_a-impure.o)  ./lib\libc.a(lib_a-strtoul.o) (_impure_ptr)
./lib\libgcc.a(_udivsi3.o)    ./lib\libc.a(lib_a-strtoul.o) (__aeabi_uidiv)
./lib\libgcc.a(_dvmd_tls.o)   ./lib\libgcc.a(_udivsi3.o) (__aeabi_idiv0)

Allocating common symbols
Common symbol       size              file

g_find              0x190             gameplg.o
g_cheatEnabled      0x40              gameplg.o
gamePluginMenu      0xc7c             gameplg.o
IoBaseLcd           0x4               lib\main.o
g_replace           0x190             gameplg.o
fsUserHandle        0x4               gameplg.o
g_functions         0x100             gameplg.o
threadStack         0x4000            gameplg.o
g_state             0x40              gameplg.o

Memory Configuration

Name             Origin             Length             Attributes
*default*        0x00000000         0xffffffff

Linker script and memory map

                0x00100100                . = 0x100100
                0x00100100                . = ALIGN (0x4)

.text           0x00100100     0x3280
                0x00100100                __text_start = .
 bootloader.o(.text*)
 .text          0x00100100       0xb0 bootloader.o
                0x00100100                _Reset
                0x0010017c                _ReturnToUser
                0x00100190                plgGetIoBase
                0x00100198                copyRemoteMemory
 *(.text*)
 .text          0x001001b0      0xa28 gameplg.o
                0x001001b0                getKey
                0x001001d0                moonjump
                0x001001f4                teleport
                0x00100280                duplicate
                0x001002a0                coord
                0x001003dc                waitKeyChange
                0x001003f4                waitKeyUp
                0x00100408                text2item
                0x00100474                initMenu
                0x001004d4                addMenuEntry
                0x00100534                addCheatMenuEntry
                0x00100584                updateMenu
                0x001005fc                scanMenu
                0x00100640                detectLanguage
                0x00100648                updateCheatEnableDisplay
                0x00100698                disableCheat
                0x001006b4                onCheatItemChanged
                0x001006f4                scanCheatMenu
                0x0010072c                find_and_replace_multiple
                0x00100788                search
                0x00100850                destroy
                0x00100918                weeder
                0x001009f0                add_to_address
                0x00100a00                sub_to_address
                0x00100a10                initCheatMenu
                0x00100af8                gamePluginEntry
 .text          0x00100bd8      0x144 lib\AC.o
                0x00100bd8                ACU_cmd1
                0x00100c28                ACU_cmd26
                0x00100c88                ACU_GetWifiStatus
                0x00100cc0                ACU_WaitInternetConnection
 .text          0x00100d1c       0x30 lib\entry.o
                0x00100d1c                c_entry
                0x00100d48                IRQHandler
 .text          0x00100d4c      0x50c lib\FS.o
                0x00100d4c                FSUSER_Initialize
                0x00100d80                FSUSER_OpenFile
                0x00100e20                FSUSER_OpenFileDirectly
                0x00100ee0                FSUSER_OpenArchive
                0x00100f64                FSUSER_OpenDirectory
                0x00100ff0                FSUSER_CloseArchive
                0x00101040                FSFILE_Close
                0x00101070                FSFILE_Read
                0x001010d8                FSFILE_Write
                0x00101148                FSFILE_GetSize
                0x0010118c                FSFILE_SetSize
                0x001011c4                FSDIR_Read
                0x00101228                FSDIR_Close
 .text          0x00101258        0x0 lib\main.o
 .text.startup  0x00101258       0x3c lib\main.o
                0x00101258                main
 *fill*         0x00101294        0xc 
 .text          0x001012a0       0x10 lib\misc.o
                0x001012a0                sleep
 .text          0x001012b0       0x3c lib\OS.o
                0x001012b0                OS_ConvertVaddr2Physaddr
 .text          0x001012ec       0xd4 lib\pm.o
                0x001012ec                dumpKernel
                0x001012f0                getCurrentProcessId
                0x00101314                getCurrentProcessHandle
                0x0010137c                protectRemoteMemory
                0x001013a0                protectMemory
 .text          0x001013c0      0x54c lib\rt.o
                0x001013c0                rtInitLock
                0x001013cc                rtAcquireLock
                0x00101400                rtReleaseLock
                0x0010140c                rtAlignToPageSize
                0x0010141c                rtGetPageOfAddress
                0x00101428                rtCheckRemoteMemoryRegionSafeForWrite
                0x00101478                rtSafeCopyMemory
                0x001014d0                rtRecvSocket
                0x00101530                rtSendSocket
                0x0010158c                rtIntToPortNumber
                0x001015a8                rtGetFileSize
                0x00101694                rtLoadFileToBuffer
                0x001017dc                rtGenerateJumpCode
                0x001017f4                rtFlushInstructionCache
                0x0010180c                rtInitHook
                0x00101884                rtEnableHook
                0x001018c8                rtDisableHook
 .text          0x0010190c      0x10c lib\sharedfunc.o
                0x0010190c                initSharedFunc
 .text          0x00101a18      0xef8 lib\SOC.o
                0x00101a54                socu_cmd1
                0x00101aa4                SOC_Shutdown
                0x00101ae0                SOC_Initialize
                0x00101b48                SOC_GetErrno
                0x00101b58                socket
                0x00101bc0                closesocket
                0x00101c20                shutdown
                0x00101c84                listen
                0x00101ce8                accept
                0x00101de4                bind
                0x00101eb4                connect
                0x00101f84                socuipc_cmd7
                0x001020a0                socuipc_cmd8
                0x001021e0                socuipc_cmd9
                0x001022f0                socuipc_cmda
                0x00102404                recvfrom
                0x00102430                sendto
                0x0010245c                recv
                0x00102478                send
                0x00102494                getsockopt
                0x00102544                setsockopt
                0x001025cc                fcntl
                0x00102694                sockatmark
                0x001026f4                gethostid
                0x00102730                getsockname
                0x00102820                getpeername
 .text          0x00102910      0x118 lib\srv.o
                0x00102910                exitSrv
                0x00102928                srv_RegisterClient
                0x00102968                initSrv
                0x0010299c                srv_getServiceHandle
 .text          0x00102a28       0x40 lib\stub.o
                0x00102a28                showDbg
                0x00102a30                nsDbgPrint
                0x00102a38                plgRegisterMenuEntry
                0x00102a40                plgGetSharedServiceHandle
                0x00102a48                plgRequestMemory
                0x00102a50                plgRegisterCallback
                0x00102a58                xsprintf
                0x00102a60                controlVideo
 *fill*         0x00102a68        0x8 
 .text          0x00102a70      0x2a0 lib\svc.o
                0x00102a70                getThreadCommandBuffer
                0x00102a7c                svc_controlMemory
                0x00102a9c                svc_exitProcess
                0x00102aa4                svc_createThread
                0x00102ac4                svc_exitThread
                0x00102acc                svc_sleepThread
                0x00102ad4                svc_createMutex
                0x00102ae8                svc_releaseMutex
                0x00102af0                svc_releaseSemaphore
                0x00102b04                svc_createEvent
                0x00102b18                svc_signalEvent
                0x00102b20                svc_clearEvent
                0x00102b28                svc_createMemoryBlock
                0x00102b40                svc_mapMemoryBlock
                0x00102b48                svc_unmapMemoryBlock
                0x00102b50                svc_arbitrateAddress
                0x00102b58                svc_closeHandle
                0x00102b60                svc_waitSynchronization1
                0x00102b68                svc_waitSynchronizationN
                0x00102b88                svc_getSystemTick
                0x00102b90                svc_getSystemInfo
                0x00102bac                svc_getProcessInfo
                0x00102bc8                svc_connectToPort
                0x00102bdc                svc_sendSyncRequest
                0x00102be4                svc_getProcessId
                0x00102bf8                svc_getThreadId
                0x00102c0c                svc_setThreadIdealProcessor
                0x00102c14                svc_openThread
                0x00102c28                svc_flushProcessDataCache
                0x00102c30                svc_invalidateProcessDataCache
                0x00102c38                svc_queryMemory
                0x00102c40                svc_addCodeSegment
                0x00102c48                svc_openProcess
                0x00102c5c                svc_controlProcessMemory
                0x00102c74                svc_mapProcessMemory
                0x00102c7c                svc_startInterProcessDma
                0x00102c9c                svc_getDmaState
                0x00102cb0                svc_backDoor
                0x00102cb8                svc_getProcessList
                0x00102ccc                svc_getThreadList
                0x00102ce0                svc_getThreadContext
                0x00102ce8                svc_debugActiveProcess
                0x00102cfc                svc_readProcessMemory
                0x00102d04                svc_writeProcessMemory
 .text          0x00102d10       0xf0 ./lib\libc.a(lib_a-memcpy-stub.o)
                0x00102d10                memcpy
 .text          0x00102e00       0xf4 ./lib\libc.a(lib_a-memset.o)
                0x00102e00                memset
 .text          0x00102ef4       0xf0 ./lib\libc.a(lib_a-strcpy.o)
                0x00102ef4                strcpy
 .text          0x00102fe4       0x60 ./lib\libc.a(lib_a-strlen.o)
                0x00102fe4                strlen
 .text          0x00103044      0x20c ./lib\libc.a(lib_a-strtoul.o)
                0x00103044                _strtoul_r
                0x00103228                strtoul
 .text          0x00103250       0x18 ./lib\libc.a(lib_a-ctype_.o)
                0x00103250                __set_ctype
 .text          0x00103268        0x0 ./lib\libc.a(lib_a-impure.o)
 .text          0x00103268      0x114 ./lib\libgcc.a(_udivsi3.o)
                0x00103268                __aeabi_uidiv
                0x00103268                __udivsi3
                0x0010335c                __aeabi_uidivmod
 .text          0x0010337c        0x4 ./lib\libgcc.a(_dvmd_tls.o)
                0x0010337c                __aeabi_idiv0
                0x0010337c                __aeabi_ldiv0

.glue_7         0x00103380        0x0
 .glue_7        0x00103380        0x0 linker stubs

.glue_7t        0x00103380        0x0
 .glue_7t       0x00103380        0x0 linker stubs

.vfp11_veneer   0x00103380        0x0
 .vfp11_veneer  0x00103380        0x0 linker stubs

.v4_bx          0x00103380        0x0
 .v4_bx         0x00103380        0x0 linker stubs

.plt            0x00103380        0x0
 .plt           0x00103380        0x0 bootloader.o

.iplt           0x00103380        0x0
 .iplt          0x00103380        0x0 bootloader.o
                0x00103380                . = ALIGN (0x4)

.data           0x00103380      0x450
 *(.data)
 .data          0x00103380        0x0 bootloader.o
 .data          0x00103380        0x4 gameplg.o
                0x00103380                IoBasePad
 .data          0x00103384        0x0 lib\AC.o
 .data          0x00103384        0x0 lib\entry.o
 .data          0x00103384        0x0 lib\FS.o
 .data          0x00103384       0x18 lib\main.o
                0x00103384                sdmcArchive
 .data          0x0010339c        0x0 lib\misc.o
 .data          0x0010339c        0x0 lib\OS.o
 .data          0x0010339c        0x0 lib\pm.o
 .data          0x0010339c        0x0 lib\rt.o
 .data          0x0010339c        0x0 lib\sharedfunc.o
 .data          0x0010339c        0x0 lib\SOC.o
 .data          0x0010339c        0x0 lib\srv.o
 .data          0x0010339c        0x0 lib\stub.o
 .data          0x0010339c        0x0 lib\svc.o
 .data          0x0010339c        0x0 ./lib\libc.a(lib_a-memcpy-stub.o)
 .data          0x0010339c        0x0 ./lib\libc.a(lib_a-memset.o)
 .data          0x0010339c        0x0 ./lib\libc.a(lib_a-strcpy.o)
 .data          0x0010339c        0x0 ./lib\libc.a(lib_a-strlen.o)
 .data          0x0010339c        0x0 ./lib\libc.a(lib_a-strtoul.o)
 .data          0x0010339c        0x4 ./lib\libc.a(lib_a-ctype_.o)
                0x0010339c                __ctype_ptr__
 .data          0x001033a0      0x430 ./lib\libc.a(lib_a-impure.o)
                0x001033a0                _impure_ptr
 .data          0x001037d0        0x0 ./lib\libgcc.a(_udivsi3.o)
 .data          0x001037d0        0x0 ./lib\libgcc.a(_dvmd_tls.o)

.dynamic        0x001037d0       0x80
 .dynamic       0x001037d0       0x80 bootloader.o
                0x001037d0                _DYNAMIC

.got            0x00103850        0x0
 .got           0x00103850        0x0 bootloader.o

.got.plt        0x00103850        0xc
 .got.plt       0x00103850        0xc bootloader.o
                0x00103850                _GLOBAL_OFFSET_TABLE_

.igot.plt       0x0010385c        0x0
 .igot.plt      0x0010385c        0x0 bootloader.o
                0x0010385c                . = ALIGN (0x4)
                0x0010385c                . = ALIGN (0x4)

.rel.dyn        0x0010385c      0x3f0
 *(.__rel_dyn_start)
 .__rel_dyn_start
                0x0010385c        0x0 bootloader.o
 *(.rel*)
 .rel.got       0x0010385c        0x0 bootloader.o
 .rel.plt       0x0010385c        0x0 bootloader.o
 .rel.iplt      0x0010385c        0x0 bootloader.o
 .rel.text      0x0010385c      0x3a0 bootloader.o
 .rel.data      0x00103bfc       0x38 bootloader.o
 .rel.text.startup
                0x00103c34       0x10 bootloader.o
 .rel.rodata    0x00103c44        0x8 bootloader.o
 *(.rel.*)
 *(.__rel_dyn_end)
 .__rel_dyn_end
                0x00103c4c        0x0 bootloader.o
                0x00103c4c                __code_end = .

.interp         0x00103c4c       0x11
 .interp        0x00103c4c       0x11 bootloader.o

.gnu.version_d  0x00103c60        0x0
 .gnu.version_d
                0x00103c60        0x0 bootloader.o

.gnu.version    0x00103c5e        0x0
 .gnu.version   0x00103c5e        0x0 bootloader.o

.gnu.version_r  0x00103c60        0x0
 .gnu.version_r
                0x00103c60        0x0 bootloader.o

.dynsym         0x00103c60       0x60
 .dynsym        0x00103c60       0x60 bootloader.o

.dynstr         0x00103cc0       0x21
 .dynstr        0x00103cc0       0x21 bootloader.o

.hash           0x00103ce4       0x2c
 .hash          0x00103ce4       0x2c bootloader.o

.rodata.str1.1  0x00103d10      0x124
 .rodata.str1.1
                0x00103d10       0x82 gameplg.o
 .rodata.str1.1
                0x00103d92        0x5 lib\AC.o
 .rodata.str1.1
                0x00103d97        0x5 lib\main.o
                                  0x1 (size before relaxing)
 .rodata.str1.1
                0x00103d97       0x1e lib\pm.o
 .rodata.str1.1
                0x00103db5       0x74 lib\rt.o
 .rodata.str1.1
                0x00103e29        0x6 lib\SOC.o
 .rodata.str1.1
                0x00103e2f        0x5 lib\srv.o

.rodata         0x00103e34      0x158
 .rodata        0x00103e34       0x4d lib\SOC.o
 *fill*         0x00103e81        0x3 
 .rodata        0x00103e84      0x104 ./lib\libc.a(lib_a-ctype_.o)
                0x00103e84                _ctype_
 .rodata        0x00103f88        0x4 ./lib\libc.a(lib_a-impure.o)
                0x00103f88                _global_impure_ptr

.rodata.str1.4  0x00103f8c        0x4
 .rodata.str1.4
                0x00103f8c        0x4 ./lib\libc.a(lib_a-impure.o)
                0x00103f90                . = ALIGN (0x4)

.bss            0x00103f90     0x514c
 *(.__bss_start)
 .__bss_start   0x00103f90        0x0 bootloader.o
                0x00103f90                __c_bss_start
 *(.bss COMMON)
 .bss           0x00103f90        0x0 bootloader.o
 .bss           0x00103f90       0x14 gameplg.o
                0x00103f9c                g_i
                0x00103fa0                isNewNtr
 COMMON         0x00103fa4     0x5120 gameplg.o
                0x00103fa4                g_find
                0x00104134                g_cheatEnabled
                0x00104174                gamePluginMenu
                0x00104df0                g_replace
                0x00104f80                fsUserHandle
                0x00104f84                g_functions
                0x00105084                threadStack
                0x00109084                g_state
 .bss           0x001090c4        0x0 lib\AC.o
 .bss           0x001090c4        0x0 lib\entry.o
 .bss           0x001090c4        0x0 lib\FS.o
 .bss           0x001090c4        0x0 lib\main.o
 COMMON         0x001090c4        0x4 lib\main.o
                0x001090c4                IoBaseLcd
 .bss           0x001090c8        0x0 lib\misc.o
 .bss           0x001090c8        0x0 lib\OS.o
 .bss           0x001090c8        0x8 lib\pm.o
                0x001090c8                currentPid
                0x001090cc                hCurrentProcess
 .bss           0x001090d0        0x0 lib\rt.o
 .bss           0x001090d0        0x0 lib\sharedfunc.o
 .bss           0x001090d0        0x8 lib\SOC.o
                0x001090d0                SOCU_handle
 .bss           0x001090d8        0x4 lib\srv.o
                0x001090d8                srvHandle
 .bss           0x001090dc        0x0 lib\stub.o
 .bss           0x001090dc        0x0 lib\svc.o
 .bss           0x001090dc        0x0 ./lib\libc.a(lib_a-memcpy-stub.o)
 .bss           0x001090dc        0x0 ./lib\libc.a(lib_a-memset.o)
 .bss           0x001090dc        0x0 ./lib\libc.a(lib_a-strcpy.o)
 .bss           0x001090dc        0x0 ./lib\libc.a(lib_a-strlen.o)
 .bss           0x001090dc        0x0 ./lib\libc.a(lib_a-strtoul.o)
 .bss           0x001090dc        0x0 ./lib\libc.a(lib_a-ctype_.o)
 .bss           0x001090dc        0x0 ./lib\libc.a(lib_a-impure.o)
 .bss           0x001090dc        0x0 ./lib\libgcc.a(_udivsi3.o)
 .bss           0x001090dc        0x0 ./lib\libgcc.a(_dvmd_tls.o)
 *(.__bss_end)
 .__bss_end     0x001090dc        0x0 bootloader.o
                0x001090dc                __c_bss_end
                0x001090dc                __end__ = .
LOAD bootloader.o
LOAD gameplg.o
LOAD lib\AC.o
LOAD lib\entry.o
LOAD lib\FS.o
LOAD lib\main.o
LOAD lib\misc.o
LOAD lib\OS.o
LOAD lib\pm.o
LOAD lib\rt.o
LOAD lib\sharedfunc.o
LOAD lib\SOC.o
LOAD lib\srv.o
LOAD lib\stub.o
LOAD lib\svc.o
LOAD ./lib\libc.a
LOAD ./lib\libgcc.a
OUTPUT(a.out elf32-littlearm)

.dynbss         0x001090dc        0x0
 .dynbss        0x001090dc        0x0 bootloader.o

.ARM.attributes
                0x00000000       0x27
 .ARM.attributes
                0x00000000       0x19 bootloader.o
 .ARM.attributes
                0x00000019       0x2b gameplg.o
 .ARM.attributes
                0x00000044       0x2b lib\AC.o
 .ARM.attributes
                0x0000006f       0x2b lib\entry.o
 .ARM.attributes
                0x0000009a       0x2b lib\FS.o
 .ARM.attributes
                0x000000c5       0x2b lib\main.o
 .ARM.attributes
                0x000000f0       0x19 lib\misc.o
 .ARM.attributes
                0x00000109       0x2b lib\OS.o
 .ARM.attributes
                0x00000134       0x2b lib\pm.o
 .ARM.attributes
                0x0000015f       0x2b lib\rt.o
 .ARM.attributes
                0x0000018a       0x2b lib\sharedfunc.o
 .ARM.attributes
                0x000001b5       0x2b lib\SOC.o
 .ARM.attributes
                0x000001e0       0x2b lib\srv.o
 .ARM.attributes
                0x0000020b       0x19 lib\stub.o
 .ARM.attributes
                0x00000224       0x19 lib\svc.o
 .ARM.attributes
                0x0000023d       0x30 ./lib\libc.a(lib_a-memcpy-stub.o)
 .ARM.attributes
                0x0000026d       0x30 ./lib\libc.a(lib_a-memset.o)
 .ARM.attributes
                0x0000029d       0x30 ./lib\libc.a(lib_a-strcpy.o)
 .ARM.attributes
                0x000002cd       0x30 ./lib\libc.a(lib_a-strlen.o)
 .ARM.attributes
                0x000002fd       0x30 ./lib\libc.a(lib_a-strtoul.o)
 .ARM.attributes
                0x0000032d       0x30 ./lib\libc.a(lib_a-ctype_.o)
 .ARM.attributes
                0x0000035d       0x30 ./lib\libc.a(lib_a-impure.o)
 .ARM.attributes
                0x0000038d       0x18 ./lib\libgcc.a(_udivsi3.o)
 .ARM.attributes
                0x000003a5       0x18 ./lib\libgcc.a(_dvmd_tls.o)

.comment        0x00000000       0x44
 .comment       0x00000000       0x22 gameplg.o
                                 0x23 (size before relaxing)
 .comment       0x00000022       0x22 lib\AC.o
                                 0x23 (size before relaxing)
 .comment       0x00000044       0x23 lib\entry.o
 .comment       0x00000044       0x23 lib\FS.o
 .comment       0x00000044       0x23 lib\main.o
 .comment       0x00000044       0x23 lib\OS.o
 .comment       0x00000044       0x23 lib\pm.o
 .comment       0x00000044       0x23 lib\rt.o
 .comment       0x00000044       0x23 lib\sharedfunc.o
 .comment       0x00000044       0x23 lib\SOC.o
 .comment       0x00000044       0x23 lib\srv.o
 .comment       0x00000044       0x23 ./lib\libc.a(lib_a-memcpy-stub.o)
 .comment       0x00000044       0x23 ./lib\libc.a(lib_a-memset.o)
 .comment       0x00000044       0x23 ./lib\libc.a(lib_a-strcpy.o)
 .comment       0x00000044       0x23 ./lib\libc.a(lib_a-strlen.o)
 .comment       0x00000044       0x23 ./lib\libc.a(lib_a-strtoul.o)
 .comment       0x00000044       0x23 ./lib\libc.a(lib_a-ctype_.o)
 .comment       0x00000044       0x23 ./lib\libc.a(lib_a-impure.o)

.debug_info     0x00000000     0x4c76
 .debug_info    0x00000000     0x126e gameplg.o
 .debug_info    0x0000126e      0x368 lib\AC.o
 .debug_info    0x000015d6      0x11f lib\entry.o
 .debug_info    0x000016f5      0x8a9 lib\FS.o
 .debug_info    0x00001f9e      0x272 lib\main.o
 .debug_info    0x00002210       0xc0 lib\OS.o
 .debug_info    0x000022d0      0x335 lib\pm.o
 .debug_info    0x00002605      0xc82 lib\rt.o
 .debug_info    0x00003287      0x335 lib\sharedfunc.o
 .debug_info    0x000035bc     0x13dc lib\SOC.o
 .debug_info    0x00004998      0x2de lib\srv.o

.debug_abbrev   0x00000000     0x122f
 .debug_abbrev  0x00000000      0x3ed gameplg.o
 .debug_abbrev  0x000003ed      0x13f lib\AC.o
 .debug_abbrev  0x0000052c       0xcc lib\entry.o
 .debug_abbrev  0x000005f8      0x144 lib\FS.o
 .debug_abbrev  0x0000073c      0x10f lib\main.o
 .debug_abbrev  0x0000084b       0x6d lib\OS.o
 .debug_abbrev  0x000008b8      0x15f lib\pm.o
 .debug_abbrev  0x00000a17      0x2aa lib\rt.o
 .debug_abbrev  0x00000cc1       0xfb lib\sharedfunc.o
 .debug_abbrev  0x00000dbc      0x304 lib\SOC.o
 .debug_abbrev  0x000010c0      0x16f lib\srv.o

.debug_loc      0x00000000     0x2f7f
 .debug_loc     0x00000000      0x745 gameplg.o
 .debug_loc     0x00000745      0x1cc lib\AC.o
 .debug_loc     0x00000911       0x34 lib\entry.o
 .debug_loc     0x00000945      0x7db lib\FS.o
 .debug_loc     0x00001120       0x5c lib\OS.o
 .debug_loc     0x0000117c       0xfa lib\pm.o
 .debug_loc     0x00001276      0x6b8 lib\rt.o
 .debug_loc     0x0000192e     0x152b lib\SOC.o
 .debug_loc     0x00002e59      0x126 lib\srv.o

.debug_aranges  0x00000000      0x160
 .debug_aranges
                0x00000000       0x20 gameplg.o
 .debug_aranges
                0x00000020       0x20 lib\AC.o
 .debug_aranges
                0x00000040       0x20 lib\entry.o
 .debug_aranges
                0x00000060       0x20 lib\FS.o
 .debug_aranges
                0x00000080       0x20 lib\main.o
 .debug_aranges
                0x000000a0       0x20 lib\OS.o
 .debug_aranges
                0x000000c0       0x20 lib\pm.o
 .debug_aranges
                0x000000e0       0x20 lib\rt.o
 .debug_aranges
                0x00000100       0x20 lib\sharedfunc.o
 .debug_aranges
                0x00000120       0x20 lib\SOC.o
 .debug_aranges
                0x00000140       0x20 lib\srv.o

.debug_ranges   0x00000000       0x98
 .debug_ranges  0x00000000       0x38 gameplg.o
 .debug_ranges  0x00000038       0x10 lib\main.o
 .debug_ranges  0x00000048       0x50 lib\rt.o

.debug_line     0x00000000     0x13d3
 .debug_line    0x00000000      0x2ec gameplg.o
 .debug_line    0x000002ec      0x12e lib\AC.o
 .debug_line    0x0000041a       0xe1 lib\entry.o
 .debug_line    0x000004fb      0x1d0 lib\FS.o
 .debug_line    0x000006cb      0x116 lib\main.o
 .debug_line    0x000007e1       0xed lib\OS.o
 .debug_line    0x000008ce      0x120 lib\pm.o
 .debug_line    0x000009ee      0x27f lib\rt.o
 .debug_line    0x00000c6d      0x102 lib\sharedfunc.o
 .debug_line    0x00000d6f      0x4ed lib\SOC.o
 .debug_line    0x0000125c      0x177 lib\srv.o

.debug_str      0x00000000      0xeb0
 .debug_str     0x00000000      0x5d3 gameplg.o
                                0x69e (size before relaxing)
 .debug_str     0x000005d3      0x108 lib\AC.o
                                0x1e9 (size before relaxing)
 .debug_str     0x000006db       0x3c lib\entry.o
                                0x14a (size before relaxing)
 .debug_str     0x00000717      0x163 lib\FS.o
                                0x367 (size before relaxing)
 .debug_str     0x0000087a       0x94 lib\main.o
                                0x25f (size before relaxing)
 .debug_str     0x0000090e       0x33 lib\OS.o
                                0x123 (size before relaxing)
 .debug_str     0x00000941       0xb0 lib\pm.o
                                0x229 (size before relaxing)
 .debug_str     0x000009f1      0x1ff lib\rt.o
                                0x4f0 (size before relaxing)
 .debug_str     0x00000bf0       0x1e lib\sharedfunc.o
                                0x22f (size before relaxing)
 .debug_str     0x00000c0e      0x24f lib\SOC.o
                                0x420 (size before relaxing)
 .debug_str     0x00000e5d       0x53 lib\srv.o
                                0x1e1 (size before relaxing)

.debug_frame    0x00000000      0xb9c
 .debug_frame   0x00000000      0x2a0 gameplg.o
 .debug_frame   0x000002a0       0x8c lib\AC.o
 .debug_frame   0x0000032c       0x30 lib\entry.o
 .debug_frame   0x0000035c      0x1ac lib\FS.o
 .debug_frame   0x00000508       0x28 lib\main.o
 .debug_frame   0x00000530       0x20 lib\OS.o
 .debug_frame   0x00000550       0x90 lib\pm.o
 .debug_frame   0x000005e0      0x1a8 lib\rt.o
 .debug_frame   0x00000788       0x2c lib\sharedfunc.o
 .debug_frame   0x000007b4      0x370 lib\SOC.o
 .debug_frame   0x00000b24       0x78 lib\srv.o
